I'm sorry, but errors were detected in your script. Please correct the
errors listed below, and try again.


File "game/script.rpy", line 25: expected end of line
    play music "kolokol.mp3" with Dissolve(0.5)
                             ^

Ren'Py Version: Ren'Py 8.1.1.23060707
Tue Sep  5 20:25:13 2023
